// Jest Snapshot v1, https://goo.gl/fbAQLP

exports[`<WorkspaceLayout/> rendering renders correctly 1`] = `
<section
  className="container "
>
  <div
    className="background"
  />
  <div
    className="foreground"
  />
</section>
`;
