// Jest Snapshot v1, https://goo.gl/fbAQLP

exports[`<ToolbarDropdown/> rendering renders correctly 1`] = `
<div
  className="container"
>
  <button>
    <div />
  </button>
</div>
`;
